
Merging object attributes


There are no discarded input sections

Memory Configuration

Name             Origin             Length             Attributes
FLASH            0x08000000         0x00010000         xr
RAM              0x20000000         0x00005000         xrw
*default*        0x00000000         0xffffffff

Linker script and memory map

LOAD main.o
LOAD MFRC522.o
LOAD I2C_LCD.o
LOAD UART.o
LOAD startup.o

.isr_vector     0x08000000       0xec
                0x08000000                        . = ALIGN (0x4)
 *(.isr_vector)
 .isr_vector    0x08000000       0xec startup.o
                0x08000000                isr_vector
                0x080000ec                        . = ALIGN (0x4)

.text           0x080000ec      0xd78
                0x080000ec                        . = ALIGN (0x4)
 *(.text)
 .text          0x080000ec      0x23c main.o
                0x080000ec                main
                0x080001e0                SystemClock_Config_36MHz
                0x080002cc                delay_ms
 .text          0x08000328      0x49c MFRC522.o
                0x08000328                SPI1_Init
                0x080003e0                SPI1_Transfer
                0x08000424                MFRC522_Write
                0x08000468                MFRC522_Read
                0x080004b4                MFRC522_ToCard
                0x0800060e                MFRC522_Request
                0x08000656                MFRC522_Anticoll
                0x080006e0                MFRC522_AntenOn
                0x08000712                MFRC522_AntenOff
                0x0800073a                MFRC522_Reset
                0x08000750                MFRC522_Init
 .text          0x080007c4      0x4ac I2C_LCD.o
                0x080007c4                I2C1_Init
                0x08000854                I2C1_WriteByte
                0x08000a42                LCD_SendCmd
                0x08000a5e                LCD_SendData
                0x08000a7a                LCD_Init
                0x08000af4                LCD_Clear
                0x08000b08                LCD_SetCursor
                0x08000b5c                LCD_Print
                0x08000bb8                LCD_PrintUID
 .text          0x08000c70      0x190 UART.o
                0x08000c70                UART1_Init
                0x08000cec                UART1_SendChar
                0x08000d1c                UART1_SendString
                0x08000d78                UART1_SendHexByte
                0x08000dae                UART1_SendUID
 .text          0x08000e00       0x64 startup.o
                0x08000e00                FLASH_Handler
                0x08000e00                SVCall_Handler
                0x08000e00                HardFault_Handler
                0x08000e00                SysTick_Handler
                0x08000e00                USART3_Handler
                0x08000e00                DMA1_Channel7_Handler
                0x08000e00                PendSV_Handler
                0x08000e00                NMI_Handler
                0x08000e00                DMA1_Channel6_Handler
                0x08000e00                CAN1_RX1_Handler
                0x08000e00                EXTI15_10_Handler
                0x08000e00                I2C1_EV_Handler
                0x08000e00                ADC1_2_Handler
                0x08000e00                WWDG_Handler
                0x08000e00                EXTI4_Handler
                0x08000e00                DMA1_Channel1_Handler
                0x08000e00                I2C1_ER_Handler
                0x08000e00                RTC_Handler
                0x08000e00                UsageFault_Handler
                0x08000e00                CAN1_RX0_Handler
                0x08000e00                TIM1_CC_Handler
                0x08000e00                I2C2_ER_Handler
                0x08000e00                CAN1_SCE_Handler
                0x08000e00                TIM1_BRK_Handler
                0x08000e00                EXTI1_Handler
                0x08000e00                OTG_FS_WKUP_Handler
                0x08000e00                EXTI3_Handler
                0x08000e00                EXTI2_Handler
                0x08000e00                EXTI9_5_Handler
                0x08000e00                TIM2_Handler
                0x08000e00                USART1_Handler
                0x08000e00                DMA1_Channel4_Handler
                0x08000e00                TIM3_Handler
                0x08000e00                Default_Handler
                0x08000e00                DMA1_Channel3_Handler
                0x08000e00                TIM4_Handler
                0x08000e00                SPI2_Handler
                0x08000e00                DMA1_Channel2_Handler
                0x08000e00                EXTI0_Handler
                0x08000e00                TIM1_UP_Handler
                0x08000e00                DMA1_Channel5_Handler
                0x08000e00                USART2_Handler
                0x08000e00                SPI1_Handler
                0x08000e00                I2C2_EV_Handler
                0x08000e00                RCC_Handler
                0x08000e00                PVD_Handler
                0x08000e00                CAN1_TX_Handler
                0x08000e00                BusFault_Handler
                0x08000e00                RTCAlarm_Handler
                0x08000e00                MemoryManagement_Handler
                0x08000e00                DebugMonitor_Handler
                0x08000e00                TIM1_TRG_COM_Handler
                0x08000e00                TAMPER_Handler
                0x08000e08                Reset_Handler
 *(.text*)
 *(.glue_7)
 .glue_7        0x08000e64        0x0 linker stubs
 *(.glue_7t)
 .glue_7t       0x08000e64        0x0 linker stubs
 *(.eh_frame)
 *(.init)
 *(.fini)
                0x08000e64                        . = ALIGN (0x4)
                0x08000e64                        _etext = .

.vfp11_veneer   0x08000e64        0x0
 .vfp11_veneer  0x08000e64        0x0 linker stubs

.v4_bx          0x08000e64        0x0
 .v4_bx         0x08000e64        0x0 linker stubs

.iplt           0x08000e64        0x0
 .iplt          0x08000e64        0x0 main.o

.rodata         0x08000e64       0x54
                0x08000e64                        . = ALIGN (0x4)
 *(.rodata)
 .rodata        0x08000e64       0x47 main.o
 *fill*         0x08000eab        0x1 
 .rodata        0x08000eac        0xb UART.o
 *(.rodata*)
                0x08000eb8                        . = ALIGN (0x4)
 *fill*         0x08000eb7        0x1 

.rel.dyn        0x08000eb8        0x0
 .rel.iplt      0x08000eb8        0x0 main.o

.ARM.exidx      0x08000eb8        0x0
                0x08000eb8                        . = ALIGN (0x4)
                0x08000eb8                        __exidx_start = .
 *(.ARM.exidx*)
                0x08000eb8                        __exidx_end = .
                0x08000eb8                        . = ALIGN (0x4)
                0x08000eb8                        _sidata = LOADADDR (.data)

.data           0x20000000        0x4 load address 0x08000eb8
                0x20000000                        . = ALIGN (0x4)
                0x20000000                        _sdata = .
 *(.data)
 .data          0x20000000        0x0 main.o
 .data          0x20000000        0x0 MFRC522.o
 .data          0x20000000        0x1 I2C_LCD.o
 .data          0x20000001        0x0 UART.o
 .data          0x20000001        0x0 startup.o
 *(.data*)
                0x20000004                        . = ALIGN (0x4)
 *fill*         0x20000001        0x3 
                0x20000004                        _edata = .

.igot.plt       0x20000004        0x0 load address 0x08000ebc
 .igot.plt      0x20000004        0x0 main.o

.bss            0x20000004        0x0 load address 0x08000ebc
                0x20000004                        . = ALIGN (0x4)
                0x20000004                        _sbss = .
                0x20000004                        __bss_start__ = _sbss
 *(.bss)
 .bss           0x20000004        0x0 main.o
 .bss           0x20000004        0x0 MFRC522.o
 .bss           0x20000004        0x0 I2C_LCD.o
 .bss           0x20000004        0x0 UART.o
 .bss           0x20000004        0x0 startup.o
 *(.bss*)
 *(COMMON)
                0x20000004                        . = ALIGN (0x4)
                0x20000004                        _ebss = .
                0x20000004                        __bss_end__ = _ebss

._user_heap_stack
                0x20000004      0x604 load address 0x08000ebc
                0x20000008                        . = ALIGN (0x8)
 *fill*         0x20000004        0x4 
                [!provide]                        PROVIDE (end = .)
                [!provide]                        PROVIDE (_end = .)
                0x20000208                        . = (. + 0x200)
 *fill*         0x20000008      0x200 
                0x20000608                        . = (. + 0x400)
 *fill*         0x20000208      0x400 
                0x20000608                        . = ALIGN (0x8)
OUTPUT(main.elf elf32-littlearm)
LOAD linker stubs

.debug_info     0x00000000      0xaf5
 .debug_info    0x00000000      0x1f6 main.o
 .debug_info    0x000001f6      0x367 MFRC522.o
 .debug_info    0x0000055d      0x2da I2C_LCD.o
 .debug_info    0x00000837      0x175 UART.o
 .debug_info    0x000009ac      0x149 startup.o

.debug_abbrev   0x00000000      0x571
 .debug_abbrev  0x00000000      0x134 main.o
 .debug_abbrev  0x00000134      0x147 MFRC522.o
 .debug_abbrev  0x0000027b      0x14b I2C_LCD.o
 .debug_abbrev  0x000003c6       0xd3 UART.o
 .debug_abbrev  0x00000499       0xd8 startup.o

.debug_aranges  0x00000000       0xa0
 .debug_aranges
                0x00000000       0x20 main.o
 .debug_aranges
                0x00000020       0x20 MFRC522.o
 .debug_aranges
                0x00000040       0x20 I2C_LCD.o
 .debug_aranges
                0x00000060       0x20 UART.o
 .debug_aranges
                0x00000080       0x20 startup.o

.debug_line     0x00000000      0xad1
 .debug_line    0x00000000      0x213 main.o
 .debug_line    0x00000213      0x321 MFRC522.o
 .debug_line    0x00000534      0x34c I2C_LCD.o
 .debug_line    0x00000880      0x165 UART.o
 .debug_line    0x000009e5       0xec startup.o

.debug_str      0x00000000      0x3fd
 .debug_str     0x00000000      0x3fd main.o
                                0x218 (size before relaxing)
 .debug_str     0x000003fd        0x0 MFRC522.o
                                0x25e (size before relaxing)
 .debug_str     0x000003fd        0x0 I2C_LCD.o
                                0x235 (size before relaxing)
 .debug_str     0x000003fd        0x0 UART.o
                                0x1af (size before relaxing)
 .debug_str     0x000003fd        0x0 startup.o
                                0x1a2 (size before relaxing)

.comment        0x00000000       0x12
 .comment       0x00000000       0x12 main.o
                                 0x13 (size before relaxing)
 .comment       0x00000012        0x0 MFRC522.o
                                 0x13 (size before relaxing)
 .comment       0x00000012        0x0 I2C_LCD.o
                                 0x13 (size before relaxing)
 .comment       0x00000012        0x0 UART.o
                                 0x13 (size before relaxing)
 .comment       0x00000012        0x0 startup.o
                                 0x13 (size before relaxing)

.ARM.attributes
                0x00000000       0x2d
 .ARM.attributes
                0x00000000       0x2d main.o
 .ARM.attributes
                0x0000002d       0x2d MFRC522.o
 .ARM.attributes
                0x0000005a       0x2d I2C_LCD.o
 .ARM.attributes
                0x00000087       0x2d UART.o
 .ARM.attributes
                0x000000b4       0x2d startup.o

.debug_frame    0x00000000      0x4f4
 .debug_frame   0x00000000       0x78 main.o
 .debug_frame   0x00000078      0x194 MFRC522.o
 .debug_frame   0x0000020c      0x1b4 I2C_LCD.o
 .debug_frame   0x000003c0       0xec UART.o
 .debug_frame   0x000004ac       0x48 startup.o
