
Merging object attributes


There are no discarded input sections

Memory Configuration

Name             Origin             Length             Attributes
FLASH            0x08000000         0x00010000         xr
RAM              0x20000000         0x00005000         xrw
*default*        0x00000000         0xffffffff

Linker script and memory map

LOAD main.o
LOAD MFRC522.o
LOAD I2C_LCD.o
LOAD startup.o

.isr_vector     0x08000000       0xec
                0x08000000                        . = ALIGN (0x4)
 *(.isr_vector)
 .isr_vector    0x08000000       0xec startup.o
                0x08000000                isr_vector
                0x080000ec                        . = ALIGN (0x4)

.text           0x080000ec      0xbdc
                0x080000ec                        . = ALIGN (0x4)
 *(.text)
 .text          0x080000ec      0x230 main.o
                0x080000ec                main
                0x080001d4                SystemClock_Config_36MHz
                0x080002c0                delay_ms
 .text          0x0800031c      0x49c MFRC522.o
                0x0800031c                SPI1_Init
                0x080003d4                SPI1_Transfer
                0x08000418                MFRC522_Write
                0x0800045c                MFRC522_Read
                0x080004a8                MFRC522_ToCard
                0x08000602                MFRC522_Request
                0x0800064a                MFRC522_Anticoll
                0x080006d4                MFRC522_AntenOn
                0x08000706                MFRC522_AntenOff
                0x0800072e                MFRC522_Reset
                0x08000744                MFRC522_Init
 .text          0x080007b8      0x4ac I2C_LCD.o
                0x080007b8                I2C1_Init
                0x08000848                I2C1_WriteByte
                0x08000a36                LCD_SendCmd
                0x08000a52                LCD_SendData
                0x08000a6e                LCD_Init
                0x08000ae8                LCD_Clear
                0x08000afc                LCD_SetCursor
                0x08000b50                LCD_Print
                0x08000bac                LCD_PrintUID
 .text          0x08000c64       0x64 startup.o
                0x08000c64                FLASH_Handler
                0x08000c64                SVCall_Handler
                0x08000c64                HardFault_Handler
                0x08000c64                SysTick_Handler
                0x08000c64                USART3_Handler
                0x08000c64                DMA1_Channel7_Handler
                0x08000c64                PendSV_Handler
                0x08000c64                NMI_Handler
                0x08000c64                DMA1_Channel6_Handler
                0x08000c64                CAN1_RX1_Handler
                0x08000c64                EXTI15_10_Handler
                0x08000c64                I2C1_EV_Handler
                0x08000c64                ADC1_2_Handler
                0x08000c64                WWDG_Handler
                0x08000c64                EXTI4_Handler
                0x08000c64                DMA1_Channel1_Handler
                0x08000c64                I2C1_ER_Handler
                0x08000c64                RTC_Handler
                0x08000c64                UsageFault_Handler
                0x08000c64                CAN1_RX0_Handler
                0x08000c64                TIM1_CC_Handler
                0x08000c64                I2C2_ER_Handler
                0x08000c64                CAN1_SCE_Handler
                0x08000c64                TIM1_BRK_Handler
                0x08000c64                EXTI1_Handler
                0x08000c64                OTG_FS_WKUP_Handler
                0x08000c64                EXTI3_Handler
                0x08000c64                EXTI2_Handler
                0x08000c64                EXTI9_5_Handler
                0x08000c64                TIM2_Handler
                0x08000c64                USART1_Handler
                0x08000c64                DMA1_Channel4_Handler
                0x08000c64                TIM3_Handler
                0x08000c64                Default_Handler
                0x08000c64                DMA1_Channel3_Handler
                0x08000c64                TIM4_Handler
                0x08000c64                SPI2_Handler
                0x08000c64                DMA1_Channel2_Handler
                0x08000c64                EXTI0_Handler
                0x08000c64                TIM1_UP_Handler
                0x08000c64                DMA1_Channel5_Handler
                0x08000c64                USART2_Handler
                0x08000c64                SPI1_Handler
                0x08000c64                I2C2_EV_Handler
                0x08000c64                RCC_Handler
                0x08000c64                PVD_Handler
                0x08000c64                CAN1_TX_Handler
                0x08000c64                BusFault_Handler
                0x08000c64                RTCAlarm_Handler
                0x08000c64                MemoryManagement_Handler
                0x08000c64                DebugMonitor_Handler
                0x08000c64                TIM1_TRG_COM_Handler
                0x08000c64                TAMPER_Handler
                0x08000c6c                Reset_Handler
 *(.text*)
 *(.glue_7)
 .glue_7        0x08000cc8        0x0 linker stubs
 *(.glue_7t)
 .glue_7t       0x08000cc8        0x0 linker stubs
 *(.eh_frame)
 *(.init)
 *(.fini)
                0x08000cc8                        . = ALIGN (0x4)
                0x08000cc8                        _etext = .

.vfp11_veneer   0x08000cc8        0x0
 .vfp11_veneer  0x08000cc8        0x0 linker stubs

.v4_bx          0x08000cc8        0x0
 .v4_bx         0x08000cc8        0x0 linker stubs

.iplt           0x08000cc8        0x0
 .iplt          0x08000cc8        0x0 main.o

.rodata         0x08000cc8       0x44
                0x08000cc8                        . = ALIGN (0x4)
 *(.rodata)
 .rodata        0x08000cc8       0x44 main.o
 *(.rodata*)
                0x08000d0c                        . = ALIGN (0x4)

.rel.dyn        0x08000d0c        0x0
 .rel.iplt      0x08000d0c        0x0 main.o

.ARM.exidx      0x08000d0c        0x0
                0x08000d0c                        . = ALIGN (0x4)
                0x08000d0c                        __exidx_start = .
 *(.ARM.exidx*)
                0x08000d0c                        __exidx_end = .
                0x08000d0c                        . = ALIGN (0x4)
                0x08000d0c                        _sidata = LOADADDR (.data)

.data           0x20000000        0x4 load address 0x08000d0c
                0x20000000                        . = ALIGN (0x4)
                0x20000000                        _sdata = .
 *(.data)
 .data          0x20000000        0x0 main.o
 .data          0x20000000        0x0 MFRC522.o
 .data          0x20000000        0x1 I2C_LCD.o
 .data          0x20000001        0x0 startup.o
 *(.data*)
                0x20000004                        . = ALIGN (0x4)
 *fill*         0x20000001        0x3 
                0x20000004                        _edata = .

.igot.plt       0x20000004        0x0 load address 0x08000d10
 .igot.plt      0x20000004        0x0 main.o

.bss            0x20000004        0x0 load address 0x08000d10
                0x20000004                        . = ALIGN (0x4)
                0x20000004                        _sbss = .
                0x20000004                        __bss_start__ = _sbss
 *(.bss)
 .bss           0x20000004        0x0 main.o
 .bss           0x20000004        0x0 MFRC522.o
 .bss           0x20000004        0x0 I2C_LCD.o
 .bss           0x20000004        0x0 startup.o
 *(.bss*)
 *(COMMON)
                0x20000004                        . = ALIGN (0x4)
                0x20000004                        _ebss = .
                0x20000004                        __bss_end__ = _ebss

._user_heap_stack
                0x20000004      0x604 load address 0x08000d10
                0x20000008                        . = ALIGN (0x8)
 *fill*         0x20000004        0x4 
                [!provide]                        PROVIDE (end = .)
                [!provide]                        PROVIDE (_end = .)
                0x20000208                        . = (. + 0x200)
 *fill*         0x20000008      0x200 
                0x20000608                        . = (. + 0x400)
 *fill*         0x20000208      0x400 
                0x20000608                        . = ALIGN (0x8)
OUTPUT(main.elf elf32-littlearm)
LOAD linker stubs

.debug_info     0x00000000      0x96c
 .debug_info    0x00000000      0x1db main.o
 .debug_info    0x000001db      0x367 MFRC522.o
 .debug_info    0x00000542      0x2e1 I2C_LCD.o
 .debug_info    0x00000823      0x149 startup.o

.debug_abbrev   0x00000000      0x49f
 .debug_abbrev  0x00000000      0x135 main.o
 .debug_abbrev  0x00000135      0x147 MFRC522.o
 .debug_abbrev  0x0000027c      0x14b I2C_LCD.o
 .debug_abbrev  0x000003c7       0xd8 startup.o

.debug_aranges  0x00000000       0x80
 .debug_aranges
                0x00000000       0x20 main.o
 .debug_aranges
                0x00000020       0x20 MFRC522.o
 .debug_aranges
                0x00000040       0x20 I2C_LCD.o
 .debug_aranges
                0x00000060       0x20 startup.o

.debug_line     0x00000000      0x95e
 .debug_line    0x00000000      0x207 main.o
 .debug_line    0x00000207      0x321 MFRC522.o
 .debug_line    0x00000528      0x34a I2C_LCD.o
 .debug_line    0x00000872       0xec startup.o

.debug_str      0x00000000      0x398
 .debug_str     0x00000000      0x398 main.o
                                0x1ff (size before relaxing)
 .debug_str     0x00000398        0x0 MFRC522.o
                                0x25e (size before relaxing)
 .debug_str     0x00000398        0x0 I2C_LCD.o
                                0x241 (size before relaxing)
 .debug_str     0x00000398        0x0 startup.o
                                0x1a2 (size before relaxing)

.comment        0x00000000       0x12
 .comment       0x00000000       0x12 main.o
                                 0x13 (size before relaxing)
 .comment       0x00000012        0x0 MFRC522.o
                                 0x13 (size before relaxing)
 .comment       0x00000012        0x0 I2C_LCD.o
                                 0x13 (size before relaxing)
 .comment       0x00000012        0x0 startup.o
                                 0x13 (size before relaxing)

.ARM.attributes
                0x00000000       0x2d
 .ARM.attributes
                0x00000000       0x2d main.o
 .ARM.attributes
                0x0000002d       0x2d MFRC522.o
 .ARM.attributes
                0x0000005a       0x2d I2C_LCD.o
 .ARM.attributes
                0x00000087       0x2d startup.o

.debug_frame    0x00000000      0x408
 .debug_frame   0x00000000       0x78 main.o
 .debug_frame   0x00000078      0x194 MFRC522.o
 .debug_frame   0x0000020c      0x1b4 I2C_LCD.o
 .debug_frame   0x000003c0       0x48 startup.o
